{
  "positionedGlyphs": [
    {
      "codePoint": 97,
      "x": -6.5,
      "y": -17,
      "glyph": {
        "id": 97,
        "width": 11,
        "height": 15,
        "left": 1,
        "top": -12,
        "advance": 13
      }
    },
    {
      "codePoint": 98,
      "x": -6.5,
      "y": -17,
      "glyph": {
        "id": 98,
        "width": 12,
        "height": 20,
        "left": 2,
        "top": -7,
        "advance": 14
      }
    },
    {
      "codePoint": 99,
      "x": -6.5,
      "y": -17,
      "glyph": {
        "id": 99,
        "width": 10,
        "height": 15,
        "left": 1,
        "top": -12,
        "advance": 11
      }
    },
    {
      "codePoint": 100,
      "x": -6.5,
      "y": -17,
      "glyph": {
        "id": 100,
        "width": 12,
        "height": 20,
        "left": 1,
        "top": -7,
        "advance": 14
      }
    },
    {
      "codePoint": 101,
      "x": -6.5,
      "y": -17,
      "glyph": {
        "id": 101,
        "width": 12,
        "height": 15,
        "left": 1,
        "top": -12,
        "advance": 13
      }
    },
    {
      "codePoint": 10,
      "x": -6.5,
      "y": -17,
      "glyph": null
    },
    {
      "codePoint": 97,
      "x": -6.5,
      "y": -17,
      "glyph": {
        "id": 97,
        "width": 11,
        "height": 15,
        "left": 1,
        "top": -12,
        "advance": 13
      }
    },
    {
      "codePoint": 98,
      "x": -6.5,
      "y": -17,
      "glyph": {
        "id": 98,
        "width": 12,
        "height": 20,
        "left": 2,
        "top": -7,
        "advance": 14
      }
    },
    {
      "codePoint": 99,
      "x": -6.5,
      "y": -17,
      "glyph": {
        "id": 99,
        "width": 10,
        "height": 15,
        "left": 1,
        "top": -12,
        "advance": 11
      }
    },
    {
      "codePoint": 100,
      "x": -6.5,
      "y": -17,
      "glyph": {
        "id": 100,
        "width": 12,
        "height": 20,
        "left": 1,
        "top": -7,
        "advance": 14
      }
    },
    {
      "codePoint": 101,
      "x": -6.5,
      "y": -17,
      "glyph": {
        "id": 101,
        "width": 12,
        "height": 15,
        "left": 1,
        "top": -12,
        "advance": 13
      }
    }
  ],
  "text": "abcde\nabcde",
  "top": -12,
  "bottom": 12,
  "left": -6.5,
  "right": 6.5
}